{
    "tobacco_mosaic_virus_detection_fail": {
        "content": [
            {
                "0": [
                    [
                        "spikein_test",
                        "spikein_test:md5,b68e7df287a4950ca87c2f9781766df2"
                    ]
                ],
                "status_ch": [
                    [
                        "spikein_test",
                        "spikein_test:md5,b68e7df287a4950ca87c2f9781766df2"
                    ]
                ]
            },
            "spike_count_summary.json:md5,efaafe722640048e0f02988d3a60d162"
        ],
        "meta": {
            "nf-test": "0.9.2",
            "nextflow": "25.04.6"
        },
        "timestamp": "2025-09-15T13:15:12.008575114"
    },
    "tobacco_mosaic_virus_detection_success": {
        "content": [
            {
                "0": [
                    [
                        "spikein_test",
                        "spikein_test:md5,936f0f9158f6e8bad2f9a957e7694b0f"
                    ]
                ],
                "status_ch": [
                    [
                        "spikein_test",
                        "spikein_test:md5,936f0f9158f6e8bad2f9a957e7694b0f"
                    ]
                ]
            },
            "spike_count_summary.json:md5,1daa49bcc4f01fae08656c836db8d109"
        ],
        "meta": {
            "nf-test": "0.9.2",
            "nextflow": "25.04.6"
        },
        "timestamp": "2025-09-15T13:14:49.795239021"
    },
    "tobacco_mosaic_virus_detection_absent": {
        "content": [
            {
                "0": [
                    [
                        "spikein_test",
                        "spikein_test:md5,4918dccd57cf10339ad8db4f6568fd1c"
                    ]
                ],
                "status_ch": [
                    [
                        "spikein_test",
                        "spikein_test:md5,4918dccd57cf10339ad8db4f6568fd1c"
                    ]
                ]
            },
            "spike_count_summary.json:md5,efaafe722640048e0f02988d3a60d162"
        ],
        "meta": {
            "nf-test": "0.9.2",
            "nextflow": "25.04.6"
        },
        "timestamp": "2025-10-20T12:25:03.936482188"
    },
    "tobacco_mosaic_virus_detection_map_with_kraken": {
        "content": [
            {
                "0": [
                    [
                        "spikein_test",
                        "spikein_test:md5,04b9444c3ec8b1ea773ba8ff80b9d9cf"
                    ]
                ],
                "status_ch": [
                    [
                        "spikein_test",
                        "spikein_test:md5,04b9444c3ec8b1ea773ba8ff80b9d9cf"
                    ]
                ]
            },
            "spike_count_summary.json:md5,1daa49bcc4f01fae08656c836db8d109"
        ],
        "meta": {
            "nf-test": "0.9.2",
            "nextflow": "25.04.6"
        },
        "timestamp": "2025-10-20T12:24:44.438455784"
    },
    "tobacco_mosaic_virus_detection_map_no_kraken": {
        "content": [
            {
                "0": [
                    [
                        "spikein_test",
                        "spikein_test:md5,04b9444c3ec8b1ea773ba8ff80b9d9cf"
                    ]
                ],
                "status_ch": [
                    [
                        "spikein_test",
                        "spikein_test:md5,04b9444c3ec8b1ea773ba8ff80b9d9cf"
                    ]
                ]
            },
            "spike_count_summary.json:md5,10b2b8e2813059baae5a33b38d23f239"
        ],
        "meta": {
            "nf-test": "0.9.2",
            "nextflow": "25.04.6"
        },
        "timestamp": "2025-10-20T12:24:25.453682103"
    }
}