{
    "test_extract_all_success": {
        "content": [
            {
                "0": [
                    [
                        "extract_test",
                        "cchf_kraken_report.json:md5,bef08c8bdf6832b53d11fbf7fbe2f86e"
                    ]
                ],
                "1": [
                    
                ],
                "kraken_json": [
                    [
                        "extract_test",
                        "cchf_kraken_report.json:md5,bef08c8bdf6832b53d11fbf7fbe2f86e"
                    ]
                ],
                "virus": [
                    
                ]
            }
        ],
        "meta": {
            "nf-test": "0.9.2",
            "nextflow": "25.04.6"
        },
        "timestamp": "2025-09-15T13:21:41.382000153"
    }
}