{
    "preprocess_filtering_success": {
        "content": [
            {
                "0": [
                    [
                        "barcode01",
                        "barcode01.fastp.fastq.gz:md5,2c00a99a41249ed138cbf4d5cf67e595"
                    ]
                ],
                "1": [
                    [
                        "barcode01",
                        "barcode01.fastp.fastq.gz:md5,2c00a99a41249ed138cbf4d5cf67e595"
                    ]
                ],
                "combined_fastq": [
                    [
                        "barcode01",
                        "barcode01.fastp.fastq.gz:md5,2c00a99a41249ed138cbf4d5cf67e595"
                    ]
                ],
                "processed_fastq": [
                    [
                        "barcode01",
                        "barcode01.fastp.fastq.gz:md5,2c00a99a41249ed138cbf4d5cf67e595"
                    ]
                ]
            }
        ],
        "meta": {
            "nf-test": "0.9.2",
            "nextflow": "25.04.6"
        },
        "timestamp": "2025-09-15T13:24:49.03481093"
    }
}